  state 0 OK -> Start a new game
->debug_test(medium)
  state 1 OK -> Fire Away!
     1  2  3  4  5  6
  A  _  _  _  _  _  _
  B  _  _  _  _  _  _
  C  _  h  h  _  _  _
  D  _  v  _  _  _  _
  E  _  v  _  _  _  _
  F  _  v  _  v  _  _
  Current Game (debug): 1
  Shots: 0/16
  Bombs: 0/3
  Score: 0/6 (Total: 0/6)
  Ships: 0/3
    3x1: [D, 2]->v;[E, 2]->v;[F, 2]->v
    2x1: [C, 2]->h;[C, 3]->h
    1x1: [F, 4]->v
->fire([A, 4])
  state 2 OK -> Miss! Keep Firing!
     1  2  3  4  5  6
  A  _  _  _  O  _  _
  B  _  _  _  _  _  _
  C  _  h  h  _  _  _
  D  _  v  _  _  _  _
  E  _  v  _  _  _  _
  F  _  v  _  v  _  _
  Current Game (debug): 1
  Shots: 1/16
  Bombs: 0/3
  Score: 0/6 (Total: 0/6)
  Ships: 0/3
    3x1: [D, 2]->v;[E, 2]->v;[F, 2]->v
    2x1: [C, 2]->h;[C, 3]->h
    1x1: [F, 4]->v
->bomb([A, 4],[B, 3])
  state 3 Bomb coordinates must be adjacent -> Keep Firing!
     1  2  3  4  5  6
  A  _  _  _  O  _  _
  B  _  _  _  _  _  _
  C  _  h  h  _  _  _
  D  _  v  _  _  _  _
  E  _  v  _  _  _  _
  F  _  v  _  v  _  _
  Current Game (debug): 1
  Shots: 1/16
  Bombs: 0/3
  Score: 0/6 (Total: 0/6)
  Ships: 0/3
    3x1: [D, 2]->v;[E, 2]->v;[F, 2]->v
    2x1: [C, 2]->h;[C, 3]->h
    1x1: [F, 4]->v
->fire([C, 1])
  state 4 OK -> Miss! Keep Firing!
     1  2  3  4  5  6
  A  _  _  _  O  _  _
  B  _  _  _  _  _  _
  C  O  h  h  _  _  _
  D  _  v  _  _  _  _
  E  _  v  _  _  _  _
  F  _  v  _  v  _  _
  Current Game (debug): 1
  Shots: 2/16
  Bombs: 0/3
  Score: 0/6 (Total: 0/6)
  Ships: 0/3
    3x1: [D, 2]->v;[E, 2]->v;[F, 2]->v
    2x1: [C, 2]->h;[C, 3]->h
    1x1: [F, 4]->v
->fire([C, 5])
  state 5 OK -> Miss! Keep Firing!
     1  2  3  4  5  6
  A  _  _  _  O  _  _
  B  _  _  _  _  _  _
  C  O  h  h  _  O  _
  D  _  v  _  _  _  _
  E  _  v  _  _  _  _
  F  _  v  _  v  _  _
  Current Game (debug): 1
  Shots: 3/16
  Bombs: 0/3
  Score: 0/6 (Total: 0/6)
  Ships: 0/3
    3x1: [D, 2]->v;[E, 2]->v;[F, 2]->v
    2x1: [C, 2]->h;[C, 3]->h
    1x1: [F, 4]->v
->debug_test(easy)
  state 6 Game already started -> Keep Firing!
     1  2  3  4  5  6
  A  _  _  _  O  _  _
  B  _  _  _  _  _  _
  C  O  h  h  _  O  _
  D  _  v  _  _  _  _
  E  _  v  _  _  _  _
  F  _  v  _  v  _  _
  Current Game (debug): 1
  Shots: 3/16
  Bombs: 0/3
  Score: 0/6 (Total: 0/6)
  Ships: 0/3
    3x1: [D, 2]->v;[E, 2]->v;[F, 2]->v
    2x1: [C, 2]->h;[C, 3]->h
    1x1: [F, 4]->v
->fire([B, 3])
  state 7 OK -> Miss! Keep Firing!
     1  2  3  4  5  6
  A  _  _  _  O  _  _
  B  _  _  O  _  _  _
  C  O  h  h  _  O  _
  D  _  v  _  _  _  _
  E  _  v  _  _  _  _
  F  _  v  _  v  _  _
  Current Game (debug): 1
  Shots: 4/16
  Bombs: 0/3
  Score: 0/6 (Total: 0/6)
  Ships: 0/3
    3x1: [D, 2]->v;[E, 2]->v;[F, 2]->v
    2x1: [C, 2]->h;[C, 3]->h
    1x1: [F, 4]->v
->fire([B, 5])
  state 8 OK -> Miss! Keep Firing!
     1  2  3  4  5  6
  A  _  _  _  O  _  _
  B  _  _  O  _  O  _
  C  O  h  h  _  O  _
  D  _  v  _  _  _  _
  E  _  v  _  _  _  _
  F  _  v  _  v  _  _
  Current Game (debug): 1
  Shots: 5/16
  Bombs: 0/3
  Score: 0/6 (Total: 0/6)
  Ships: 0/3
    3x1: [D, 2]->v;[E, 2]->v;[F, 2]->v
    2x1: [C, 2]->h;[C, 3]->h
    1x1: [F, 4]->v
